// Jest Snapshot v1, https://goo.gl/fbAQLP

exports[`Heading content can be rendered 1`] = `
<div>
  <div
    class="content-heading"
  >
    <h1>
      Test heading
    </h1>
  </div>
</div>
`;
