// Jest Snapshot v1, https://goo.gl/fbAQLP

exports[`Content wrapper snapshot 1`] = `
<div>
  <div
    class="content-container"
  >
    <div
      class="content-heading"
    >
      <h1>
        heading
      </h1>
    </div>
    <div
      class="content-body"
    >
      <p>
        text
      </p>
    </div>
  </div>
</div>
`;
